[purepng.com/photo/30610/clipart-pink-heart.html]
[purepng.com/public/img/favicon.png]
[backblue.gif]
[fade.gif]
[index.html]
[purepng.com/public/bootstrap/css/bootstrap.css]
[purepng.com/public/css/main.css]
[purepng.com/public/css/font-awesome.min.css]
[purepng.com/public/css/icomoon.css]
[purepng.com/public/css/strokeicons.css]
[purepng.com/public/plugins/fleximages/jquery.flex-images.css]
[purepng.com/public/fonts/ionicons/css/ionicons.min.css]
[pagead2.googlesyndication.com/pagead/js/f.txt]
[purepng.com/public/plugins/sweetalert/sweetalert.css]
[purepng.com/public/plugins/iCheck/all.css]
[www.google-analytics.com/analytics.js]
[upload.wikimedia.org/wikipedia/commons/thumb/c/cd/Get_it_on_Google_play.svg/1280px-Get_it_on_Google_play.svg.png]
[purepng.com/public/uploads/large/pink-heart-u4q.png]
[purepng.com/public/avatar/purenetwork-114984932140w6vdcdjkl.png]
[purepng.com/public/uploads/thumbnail/heart-letter-gcq.png]
[purepng.com/public/uploads/thumbnail/broken-heart-qhu.png]
[purepng.com/public/uploads/thumbnail/broken-heart-cnp.png]
[purepng.com/public/uploads/thumbnail/heart-with-arrow-cnr.png]
[purepng.com/public/uploads/thumbnail/heart-with-wings-sdu.png]
[purepng.com/public/uploads/thumbnail/curved-red-heart-outline-fv3.png]
[purepng.com/public/uploads/thumbnail/curved-red-heart-outline-bog.png]
[purepng.com/public/uploads/thumbnail/curved-red-heart-outline-shq.png]
[purepng.com/public/uploads/thumbnail/curved-red-heart-outline-o6j.png]
[purepng.com/public/uploads/thumbnail/curved-red-heart-outline-y22.png]
[purepng.com/public/plugins/jQuery/jQuery.min.js]
[purepng.com/public/plugins/fleximages/jquery.flex-images.min.js]
[purepng.com/public/js/jquery.easing.1.3.js]
[purepng.com/public/js/jquery-ui-1.10.3.custom.min.js]
[purepng.com/public/js/jquery.ui.touch-punch.min.js]
[purepng.com/public/bootstrap/js/bootstrap.min.js]
[purepng.com/public/js/jquery.autosize.min.js]
[purepng.com/public/js/timeago/jqueryTimeago_en.js]
[purepng.com/public/js/bootbox.min.js]
[purepng.com/public/js/count.js]
[purepng.com/public/js/functions.js]
[purepng.com/public/js/jquery.form.js]
[purepng.com/public/plugins/sweetalert/sweetalert.min.js]
[purepng.com/public/js/ie-emulation-modes-warning.js]
[purepng.com/public/js/ie10-viewport-bug-workaround.js]
[purepng.com/public/plugins/iCheck/icheck.min.js]
[purepng.com/photo/30610/clipart-pink-heart.html]
[connect.facebook.net/de_DE/sdk.js]
[purepng.com/public/bootstrap/css/bootstrap.css]
[purepng.com/public/img/arrow.png]
[purepng.com/public/img/header_index.jpg]
[purepng.com/public/img/header.jpg]
[purepng.com/public/img/shadow.png]
[purepng.com/public/img/bg-join.jpg]
[purepng.com/public/img/preload.gif]
[purepng.com/public/img/delete-photo.png]
[purepng.com/public/img/icons-files/psd.png]
[purepng.com/public/img/icons-files/ai.png]
[purepng.com/public/img/icons-files/eps.png]
[purepng.com/public/img/icons-files/cdr.png]
[purepng.com/public/img/icons-files/zip.png]
[purepng.com/public/img/icons-files/pdf.png]
[purepng.com/public/img/icons-files/doc.png]
[purepng.com/public/img/cover.jpg]
[purepng.com/public/img/header_colors.jpg]
[purepng.com/public/img/header_cameras.jpg]
[purepng.com/public/css/main.css]
[purepng.com/public/css/font-awesome.min.css]
[purepng.com/public/css/icomoon.css]
[purepng.com/public/css/strokeicons.css]
[purepng.com/public/plugins/fleximages/jquery.flex-images.css]
[purepng.com/public/fonts/ionicons/css/ionicons.min.css]
[purepng.com/public/plugins/sweetalert/sweetalert.css]
[purepng.com/public/plugins/iCheck/minimal/_all.css]
[purepng.com/public/plugins/iCheck/square/_all.css]
[purepng.com/public/plugins/iCheck/flat/_all.css]
[purepng.com/public/plugins/iCheck/line/_all.css]
[purepng.com/public/plugins/iCheck/polaris/polaris.css]
[purepng.com/public/plugins/iCheck/all.css]
[connect.facebook.net/de_DE/sdk.js]
[purepng.com/public/img/header.html]
[purepng.com/public/img/shadow.html]
[purepng.com/public/img/bg-join.html]
[purepng.com/public/img/preload.html]
[purepng.com/public/img/delete-photo.html]
[purepng.com/public/img/icons-files/psd.html]
[purepng.com/public/img/icons-files/ai.html]
[purepng.com/public/img/icons-files/eps.html]
[purepng.com/public/img/icons-files/cdr.html]
[purepng.com/public/img/icons-files/zip.html]
[purepng.com/public/img/icons-files/pdf.html]
[purepng.com/public/img/icons-files/doc.html]
[purepng.com/public/plugins/iCheck/futurico/futurico.css]
[purepng.com/public/plugins/iCheck/minimal/minimal.png]
[purepng.com/public/plugins/iCheck/minimal/minimal@2x.png]
[purepng.com/public/plugins/iCheck/minimal/red.png]
[purepng.com/public/plugins/iCheck/minimal/red@2x.png]
[purepng.com/public/plugins/iCheck/minimal/green.png]
[purepng.com/public/plugins/iCheck/minimal/green@2x.png]
[purepng.com/public/plugins/iCheck/minimal/blue.png]
[purepng.com/public/plugins/iCheck/minimal/blue@2x.png]
[purepng.com/public/plugins/iCheck/minimal/aero.png]
[purepng.com/public/plugins/iCheck/minimal/aero@2x.png]
[purepng.com/public/plugins/iCheck/minimal/grey.png]
[purepng.com/public/plugins/iCheck/minimal/grey@2x.png]
[purepng.com/public/plugins/iCheck/minimal/orange.png]
[purepng.com/public/plugins/iCheck/minimal/orange@2x.png]
[purepng.com/public/plugins/iCheck/minimal/yellow.png]
[purepng.com/public/plugins/iCheck/minimal/yellow@2x.png]
[purepng.com/public/plugins/iCheck/minimal/pink.png]
[purepng.com/public/plugins/iCheck/minimal/pink@2x.png]
[purepng.com/public/plugins/iCheck/minimal/purple.png]
[purepng.com/public/plugins/iCheck/minimal/purple@2x.png]
[purepng.com/public/plugins/iCheck/minimal/_all.css]
[purepng.com/public/plugins/iCheck/square/square.png]
[purepng.com/public/plugins/iCheck/square/square@2x.png]
[purepng.com/public/plugins/iCheck/square/red.png]
[purepng.com/public/plugins/iCheck/square/red@2x.png]
[purepng.com/public/plugins/iCheck/square/green.png]
[purepng.com/public/plugins/iCheck/square/green@2x.png]
[purepng.com/public/plugins/iCheck/square/blue.png]
[purepng.com/public/plugins/iCheck/square/blue@2x.png]
[purepng.com/public/plugins/iCheck/square/aero.png]
[purepng.com/public/plugins/iCheck/square/aero@2x.png]
[purepng.com/public/plugins/iCheck/square/grey.png]
[purepng.com/public/plugins/iCheck/square/grey@2x.png]
[purepng.com/public/plugins/iCheck/square/orange.png]
[purepng.com/public/plugins/iCheck/square/orange@2x.png]
[purepng.com/public/plugins/iCheck/square/yellow.png]
[purepng.com/public/plugins/iCheck/square/yellow@2x.png]
[purepng.com/public/plugins/iCheck/square/pink.png]
[purepng.com/public/plugins/iCheck/square/pink@2x.png]
[purepng.com/public/plugins/iCheck/square/purple.png]
[purepng.com/public/plugins/iCheck/square/purple@2x.png]
[purepng.com/public/plugins/iCheck/square/_all.css]
[purepng.com/public/plugins/iCheck/flat/flat.png]
[purepng.com/public/plugins/iCheck/flat/flat@2x.png]
[purepng.com/public/plugins/iCheck/flat/red.png]
[purepng.com/public/plugins/iCheck/flat/red@2x.png]
[purepng.com/public/plugins/iCheck/flat/green.png]
[purepng.com/public/plugins/iCheck/flat/green@2x.png]
[purepng.com/public/plugins/iCheck/flat/blue.png]
[purepng.com/public/plugins/iCheck/flat/blue@2x.png]
[purepng.com/public/plugins/iCheck/flat/aero.png]
[purepng.com/public/plugins/iCheck/flat/aero@2x.png]
[purepng.com/public/plugins/iCheck/flat/grey.png]
[purepng.com/public/plugins/iCheck/flat/grey@2x.png]
[purepng.com/public/plugins/iCheck/flat/orange.png]
[purepng.com/public/plugins/iCheck/flat/orange@2x.png]
[purepng.com/public/plugins/iCheck/flat/yellow.png]
[purepng.com/public/plugins/iCheck/flat/yellow@2x.png]
[purepng.com/public/plugins/iCheck/flat/pink.png]
[purepng.com/public/plugins/iCheck/flat/pink@2x.png]
[purepng.com/public/plugins/iCheck/flat/purple.png]
[purepng.com/public/plugins/iCheck/flat/purple@2x.png]
[purepng.com/public/plugins/iCheck/flat/_all.css]
[purepng.com/public/plugins/iCheck/line/line.png]
[purepng.com/public/plugins/iCheck/line/line@2x.png]
[purepng.com/public/plugins/iCheck/line/_all.css]
[purepng.com/public/plugins/iCheck/polaris/polaris.png]
[purepng.com/public/plugins/iCheck/polaris/polaris@2x.png]
[purepng.com/public/plugins/iCheck/polaris/polaris.css]
[purepng.com/public/plugins/iCheck/futurico/futurico.png]
[purepng.com/public/plugins/iCheck/futurico/futurico@2x.png]
[purepng.com/public/plugins/iCheck/futurico/futurico.css]
